  Determining projects to restore...
C:\Users\jayshil.singh\Desktop\Payroll\src\FijiPayroll.Infrastructure\FijiPayroll.Infrastructure.csproj : error NU1605: Warning As Error: Detected package downgrade: Serilog from 4.0.0 to 3.1.1. Reference the package directly from the project to select a different version.  [C:\Users\jayshil.singh\Desktop\Payroll\src\FijiPayroll.WPF\FijiPayroll.WPF.csproj]
C:\Users\jayshil.singh\Desktop\Payroll\src\FijiPayroll.Infrastructure\FijiPayroll.Infrastructure.csproj : error NU1605:  FijiPayroll.Infrastructure -> Serilog.Sinks.MSSqlServer 7.0.0 -> Serilog (>= 4.0.0)  [C:\Users\jayshil.singh\Desktop\Payroll\src\FijiPayroll.WPF\FijiPayroll.WPF.csproj]
C:\Users\jayshil.singh\Desktop\Payroll\src\FijiPayroll.Infrastructure\FijiPayroll.Infrastructure.csproj : error NU1605:  FijiPayroll.Infrastructure -> Serilog (>= 3.1.1) [C:\Users\jayshil.singh\Desktop\Payroll\src\FijiPayroll.WPF\FijiPayroll.WPF.csproj]
  Failed to restore C:\Users\jayshil.singh\Desktop\Payroll\src\FijiPayroll.Infrastructure\FijiPayroll.Infrastructure.csproj (in 3.74 sec).
C:\Users\jayshil.singh\Desktop\Payroll\src\FijiPayroll.WPF\FijiPayroll.WPF.csproj : error NU1605: Warning As Error: Detected package downgrade: Serilog from 4.0.0 to 3.1.1. Reference the package directly from the project to select a different version. 
C:\Users\jayshil.singh\Desktop\Payroll\src\FijiPayroll.WPF\FijiPayroll.WPF.csproj : error NU1605:  FijiPayroll.WPF -> FijiPayroll.Infrastructure -> Serilog.Sinks.MSSqlServer 7.0.0 -> Serilog (>= 4.0.0) 
C:\Users\jayshil.singh\Desktop\Payroll\src\FijiPayroll.WPF\FijiPayroll.WPF.csproj : error NU1605:  FijiPayroll.WPF -> FijiPayroll.Infrastructure -> Serilog (>= 3.1.1)
  Failed to restore C:\Users\jayshil.singh\Desktop\Payroll\src\FijiPayroll.WPF\FijiPayroll.WPF.csproj (in 17.49 sec).
  4 of 6 projects are up-to-date for restore.

Build FAILED.

C:\Users\jayshil.singh\Desktop\Payroll\src\FijiPayroll.Infrastructure\FijiPayroll.Infrastructure.csproj : error NU1605: Warning As Error: Detected package downgrade: Serilog from 4.0.0 to 3.1.1. Reference the package directly from the project to select a different version.  [C:\Users\jayshil.singh\Desktop\Payroll\src\FijiPayroll.WPF\FijiPayroll.WPF.csproj]
C:\Users\jayshil.singh\Desktop\Payroll\src\FijiPayroll.Infrastructure\FijiPayroll.Infrastructure.csproj : error NU1605:  FijiPayroll.Infrastructure -> Serilog.Sinks.MSSqlServer 7.0.0 -> Serilog (>= 4.0.0)  [C:\Users\jayshil.singh\Desktop\Payroll\src\FijiPayroll.WPF\FijiPayroll.WPF.csproj]
C:\Users\jayshil.singh\Desktop\Payroll\src\FijiPayroll.Infrastructure\FijiPayroll.Infrastructure.csproj : error NU1605:  FijiPayroll.Infrastructure -> Serilog (>= 3.1.1) [C:\Users\jayshil.singh\Desktop\Payroll\src\FijiPayroll.WPF\FijiPayroll.WPF.csproj]
C:\Users\jayshil.singh\Desktop\Payroll\src\FijiPayroll.WPF\FijiPayroll.WPF.csproj : error NU1605: Warning As Error: Detected package downgrade: Serilog from 4.0.0 to 3.1.1. Reference the package directly from the project to select a different version. 
C:\Users\jayshil.singh\Desktop\Payroll\src\FijiPayroll.WPF\FijiPayroll.WPF.csproj : error NU1605:  FijiPayroll.WPF -> FijiPayroll.Infrastructure -> Serilog.Sinks.MSSqlServer 7.0.0 -> Serilog (>= 4.0.0) 
C:\Users\jayshil.singh\Desktop\Payroll\src\FijiPayroll.WPF\FijiPayroll.WPF.csproj : error NU1605:  FijiPayroll.WPF -> FijiPayroll.Infrastructure -> Serilog (>= 3.1.1)
    0 Warning(s)
    2 Error(s)

Time Elapsed 00:00:25.73
